задание: 2.2.1
проект: 221-command-time
устройство: 2e8a:000a
серийный номер: 504446729030CC1C
порт: COM3
начало: 2026-10-06T19:09:07
   0.000 --> clk_info
   0.180 <-- clk_info
   0.182 <-- dbg read_line:151 got clk_info
   0.184 <-- signal       set_khz      measured_khz
   0.185 <-- clk_ref      12000        12001
   0.185 <-- clk_sys     125000       125000
   0.186 <-- clk_peri    125000       125000
   0.186 <-- clk_usb      48000        48000
   0.186 <-- clk_adc      48000        48000
   0.187 <-- rosc             -         5318
   2.031 --> info
   2.127 <-- info
   2.129 <-- dbg read_line:151 got info
   2.130 <-- project: 221-command-time
   2.133 <-- repo: https://github.com/EzhovIgor-prog/es-student
   2.133 <-- board: pico
   2.135 <-- serial: 504446729030CC1C
   2.136 <-- chip: manufacturer 0x927, part 0x0002, revision 2
   2.136 <-- pico-sdk: 2.3.0
итог: отправлено команд 2, принято строк 17
