задание: 2.1.6
проект: 211-command-usb
устройство: 2e8a:000a
серийный номер: 504446729030CC1C
порт: COM3
начало: 2026-10-04T09:33:28
   0.000 --> boot_info
   0.196 <-- boot_info
   0.197 <-- dbg read_line:145 got boot_info
   0.197 <-- vector table    0x10000100
   0.197 <-- stack top     0x20042000
   0.198 <-- reset         0x100001f7
   0.198 <-- reset (even)  0x100001f6
   0.198 <-- gpio in         0xd0000004
   0.198 <-- led bit       0
   0.199 <-- gpio_get      0
   2.245 --> enable
   2.377 <-- enable
   2.379 <-- dbg read_line:145 got enable
   2.380 <-- inf cmd_enable:34 led on
   4.410 --> boot_info
   4.598 <-- boot_info
   4.600 <-- dbg read_line:145 got boot_info
   4.601 <-- vector table    0x10000100
   4.603 <-- stack top     0x20042000
   4.604 <-- reset         0x100001f7
   4.606 <-- reset (even)  0x100001f6
   4.607 <-- gpio in         0xd0000004
   4.608 <-- led bit       1
   4.609 <-- gpio_get      1
   6.659 --> disable
   6.819 <-- disable
   6.821 <-- dbg read_line:145 got disable
   6.822 <-- inf cmd_disable:41 led off
   8.861 --> boot_info
   9.060 <-- boot_info
   9.061 <-- dbg read_line:145 got boot_info
   9.063 <-- vector table    0x10000100
   9.064 <-- stack top     0x20042000
   9.066 <-- reset         0x100001f7
   9.067 <-- reset (even)  0x100001f6
   9.068 <-- gpio in         0xd0000004
   9.069 <-- led bit       0
   9.070 <-- gpio_get      0
итог: отправлено команд 5, принято строк 33
