задание: 2.1.4
проект: 211-command-usb
устройство: 2e8a:000a
серийный номер: 504446729030CC1C
порт: COM3
начало: 2026-10-02T20:20:06
   0.000 --> fw_info
   0.153 <-- fw_info
   0.154 <-- dbg read_line:143 got fw_info
   0.155 <-- object          address       value
   0.155 <-- main            0x10000328   0xb5f0
   0.155 <-- fw_info         0x100006c4   0x4b38
   0.156 <-- commands        0x10007c24
   0.156 <-- - enable        0x10000280
   0.157 <-- - disable       0x100002bc
   0.157 <-- - info          0x100002f8
   0.158 <-- - version       0x10000300
   0.158 <-- - ping          0x10000308
   0.158 <-- - mem_info      0x10000318
   0.159 <-- - fw_info       0x10000320
   0.159 <-- DEVICE_PROJECT  0x10007720 211-command-usb
   0.159 <-- DEVICE_BOARD    0x1000777c pico
   0.160 <-- data_variable   0x20000f40 101
   0.160 <-- bss_variable    0x20001f20 1
   0.160 <-- stack_variable   0x20041f7c 1946
   0.161 <-- heap_variable    0x20002430 1951
   2.206 --> fw_info
   2.355 <-- fw_info
   2.357 <-- dbg read_line:143 got fw_info
   2.359 <-- object          address       value
   2.361 <-- main            0x10000328   0xb5f0
   2.362 <-- fw_info         0x100006c4   0x4b38
   2.363 <-- commands        0x10007c24
   2.363 <-- - enable        0x10000280
   2.363 <-- - disable       0x100002bc
   2.364 <-- - info          0x100002f8
   2.364 <-- - version       0x10000300
   2.364 <-- - ping          0x10000308
   2.364 <-- - mem_info      0x10000318
   2.365 <-- - fw_info       0x10000320
   2.365 <-- DEVICE_PROJECT  0x10007720 211-command-usb
   2.365 <-- DEVICE_BOARD    0x1000777c pico
   2.366 <-- data_variable   0x20000f40 102
   2.366 <-- bss_variable    0x20001f20 2
   2.366 <-- stack_variable   0x20041f7c 1946
   2.367 <-- heap_variable    0x20002430 1951
   4.409 --> fw_info
   4.557 <-- fw_info
   4.559 <-- dbg read_line:143 got fw_info
   4.561 <-- object          address       value
   4.563 <-- main            0x10000328   0xb5f0
   4.563 <-- fw_info         0x100006c4   0x4b38
   4.564 <-- commands        0x10007c24
   4.564 <-- - enable        0x10000280
   4.564 <-- - disable       0x100002bc
   4.564 <-- - info          0x100002f8
   4.565 <-- - version       0x10000300
   4.565 <-- - ping          0x10000308
   4.565 <-- - mem_info      0x10000318
   4.565 <-- - fw_info       0x10000320
   4.566 <-- DEVICE_PROJECT  0x10007720 211-command-usb
   4.566 <-- DEVICE_BOARD    0x1000777c pico
   4.566 <-- data_variable   0x20000f40 103
   4.567 <-- bss_variable    0x20001f20 3
   4.567 <-- stack_variable   0x20041f7c 1946
   4.567 <-- heap_variable    0x20002430 1951
итог: отправлено команд 3, принято строк 57
