задание: 2.1.3
проект: 211-command-usb
устройство: 2e8a:000a
серийный номер: 504446729030CC1C
порт: COM3
начало: 2026-09-27T21:18:34
   0.000 --> mem_info
   0.171 <-- mem_info
   0.173 <-- dbg read_line:133 got mem_info
   0.175 <-- area       start      end        size
   0.177 <-- flash      0x10000000 0x10200000 2097152
   0.179 <-- sram       0x20000000 0x20042000 270336
   0.180 <-- rom        0x00000000 0x00004000 16384
   0.181 <-- image      0x10000000 0x100084a4 33956
   0.182 <-- free       0x100084a4 0x10200000 2063196
   0.183 <-- boot2      0x10000000 0x10000100 256
   0.183 <-- text       0x10000100 0x10007534 29748
   0.185 <-- data flash 0x10007534 0x100084a4 3952
   0.186 <-- data ram   0x200000c0 0x20001030 3952
   0.187 <-- bss        0x20001030 0x20001c90 3168
   0.188 <-- heap       0x20001c90 0x20040000 254832
   0.189 <-- stack      0x20041800 0x20042000 2048
   0.189 <-- total
   0.190 <-- flash image   33956  = boot2 256  + text 29748 + data 3952
   0.191 <-- flash free    2063196  of 2097152
   0.191 <-- ram used      7120  = data 3952 + bss 3168
   0.192 <-- ram free      254832 for heap and 2048 for stack
итог: отправлено команд 1, принято строк 20
